Scope:
  Function: expr
  Return type: bool
  Parameters:
  Body:
    Scope:
      Scalar Declaration:
        Specifier: const
        Type: u32
        Identifier: x
      Scalar Declaration:
        Specifier: const
        Type: u32
        Identifier: y
      Scalar Declaration:
        Specifier: const
        Type: u32
        Identifier: z
      Scalar Declaration:
        Specifier: const
        Type: u32
        Identifier: a
      Scalar Declaration:
        Specifier: const
        Type: u32
        Identifier: b
      Scalar Declaration:
        Specifier: const
        Type: u32
        Identifier: c
      Return:
        Binary Operation:
          Operator: or
          Left:
            Binary Operation:
              Operator: !=
              Left:
                Value: x
              Right:
                Value: y
          Right:
            Binary Operation:
              Operator: >
              Left:
                Binary Operation:
                  Operator: +
                  Left:
                    Unary Operation:
                      Operator: -
                      Operand:
                        Value: x
                  Right:
                    Binary Operation:
                      Operator: *
                      Left:
                        Value: y
                      Right:
                        Value: z
              Right:
                Binary Operation:
                  Operator: /
                  Left:
                    Unary Operation:
                      Operator: ~
                      Operand:
                        Value: a
                  Right:
                    Value: b